{
  "exclude": {
    "files": null,
    "lines": null
  },
  "generated_at": "2021-10-21T11:39:26Z",
  "plugins_used": [
    {
      "name": "AWSKeyDetector"
    },
    {
      "name": "ArtifactoryDetector"
    },
    {
      "base64_limit": 4.5,
      "name": "Base64HighEntropyString"
    },
    {
      "name": "BasicAuthDetector"
    },
    {
      "name": "CloudantDetector"
    },
    {
      "hex_limit": 3,
      "name": "HexHighEntropyString"
    },
    {
      "name": "IbmCloudIamDetector"
    },
    {
      "name": "IbmCosHmacDetector"
    },
    {
      "name": "JwtTokenDetector"
    },
    {
      "keyword_exclude": null,
      "name": "KeywordDetector"
    },
    {
      "name": "MailchimpDetector"
    },
    {
      "name": "PrivateKeyDetector"
    },
    {
      "name": "SlackDetector"
    },
    {
      "name": "SoftlayerDetector"
    },
    {
      "name": "StripeDetector"
    },
    {
      "name": "TwilioKeyDetector"
    }
  ],
  "results": {
    "account-management-api/src/test/java/uk/gov/di/accountmanagement/lambda/AuthenticateHandlerTest.java": [
      {
        "hashed_secret": "d7b6dd7aaba4db62b1d7648911fc722566cc2825",
        "is_verified": false,
        "line_number": 23,
        "type": "Secret Keyword"
      }
    ],
    "account-management-api/src/test/java/uk/gov/di/accountmanagement/lambda/UpdatePasswordHandlerTest.java": [
      {
        "hashed_secret": "2aa60a8ff7fcd473d321e0146afd9e26df395147",
        "is_verified": false,
        "line_number": 37,
        "type": "Secret Keyword"
      }
    ],
    "account-management-integration-tests/src/test/java/uk/gov/di/accountmanagement/api/AuthenticateIntegrationTest.java": [
      {
        "hashed_secret": "e8c594c3bc504a7f57bfff4db7dea9491c97d893",
        "is_verified": false,
        "line_number": 32,
        "type": "Secret Keyword"
      }
    ],
    "ci/terraform/oidc/localstack.tfvars": [
      {
        "hashed_secret": "b840fc02d524045429941cc15f59e41cb7be6c52",
        "is_verified": false,
        "line_number": 6,
        "type": "Secret Keyword"
      }
    ],
    "client-registry-api/src/test/java/uk/gov/di/authentication/clientregistry/services/ClientConfigValidationServiceTest.java": [
      {
        "hashed_secret": "dff15b1ee7de37ff281e29e014b02cb74fec1b43",
        "is_verified": false,
        "line_number": 25,
        "type": "Base64 High Entropy String"
      }
    ],
    "echo-int-test-vars.sh": [
      {
        "hashed_secret": "1931e5c5e78ae2290598cd0a742cea9de6e44334",
        "is_verified": false,
        "line_number": 5,
        "type": "Secret Keyword"
      },
      {
        "hashed_secret": "7f92bfacd8597df5f51f10140d530f48086266a5",
        "is_verified": false,
        "line_number": 11,
        "type": "Secret Keyword"
      }
    ],
    "frontend-api/src/test/java/uk/gov/di/authentication/frontendapi/lambda/LoginHandlerTest.java": [
      {
        "hashed_secret": "d7b6dd7aaba4db62b1d7648911fc722566cc2825",
        "is_verified": false,
        "line_number": 63,
        "type": "Secret Keyword"
      }
    ],
    "frontend-api/src/test/java/uk/gov/di/authentication/frontendapi/lambda/ResetPasswordHandlerTest.java": [
      {
        "hashed_secret": "2313bebc29a826f9097dc76f543a0f68100af4da",
        "is_verified": false,
        "line_number": 39,
        "type": "Secret Keyword"
      }
    ],
    "frontend-api/src/test/java/uk/gov/di/authentication/frontendapi/lambda/SignUpHandlerTest.java": [
      {
        "hashed_secret": "c60266a8adad2f8ee67d793b4fd3fd0ffd73cc61",
        "is_verified": false,
        "line_number": 131,
        "type": "Secret Keyword"
      },
      {
        "hashed_secret": "72c112c55cb41d20df06b27e535428c78bee804d",
        "is_verified": false,
        "line_number": 166,
        "type": "Secret Keyword"
      }
    ],
    "frontend-api/src/test/java/uk/gov/di/authentication/frontendapi/services/UserMigrationServiceTest.java": [
      {
        "hashed_secret": "e4bb5706325c188733f237889dd60cbb9bba639c",
        "is_verified": false,
        "line_number": 28,
        "type": "Base64 High Entropy String"
      }
    ],
    "integration-tests/src/test/java/uk/gov/di/authentication/api/AuthorisationIntegrationTest.java": [
      {
        "hashed_secret": "251c10082a6308fe3731846101d52f254a84491a",
        "is_verified": false,
        "line_number": 340,
        "type": "Base64 High Entropy String"
      }
    ],
    "integration-tests/src/test/java/uk/gov/di/authentication/api/ClientRegistrationIntegrationTest.java": [
      {
        "hashed_secret": "dff15b1ee7de37ff281e29e014b02cb74fec1b43",
        "is_verified": false,
        "line_number": 25,
        "type": "Base64 High Entropy String"
      }
    ],
    "integration-tests/src/test/java/uk/gov/di/authentication/api/LoginIntegrationTest.java": [
      {
        "hashed_secret": "e8c594c3bc504a7f57bfff4db7dea9491c97d893",
        "is_verified": false,
        "line_number": 131,
        "type": "Secret Keyword"
      }
    ],
    "integration-tests/src/test/java/uk/gov/di/authentication/api/LogoutIntegrationTest.java": [
      {
        "hashed_secret": "251c10082a6308fe3731846101d52f254a84491a",
        "is_verified": false,
        "line_number": 100,
        "type": "Base64 High Entropy String"
      }
    ],
    "integration-tests/src/test/java/uk/gov/di/authentication/api/ResetPasswordIntegrationTest.java": [
      {
        "hashed_secret": "22665f9cd19cc9946cf921623d4dcab834b221e4",
        "is_verified": false,
        "line_number": 29,
        "type": "Secret Keyword"
      }
    ],
    "integration-tests/src/test/java/uk/gov/di/authentication/api/ResetPasswordRequestIntegrationTest.java": [
      {
        "hashed_secret": "e8c594c3bc504a7f57bfff4db7dea9491c97d893",
        "is_verified": false,
        "line_number": 78,
        "type": "Secret Keyword"
      }
    ],
    "integration-tests/src/test/java/uk/gov/di/authentication/api/UpdateClientConfigIntegrationTest.java": [
      {
        "hashed_secret": "dff15b1ee7de37ff281e29e014b02cb74fec1b43",
        "is_verified": false,
        "line_number": 26,
        "type": "Base64 High Entropy String"
      }
    ],
    "integration-tests/src/test/java/uk/gov/di/authentication/api/UserInfoIntegrationTest.java": [
      {
        "hashed_secret": "e8c594c3bc504a7f57bfff4db7dea9491c97d893",
        "is_verified": false,
        "line_number": 42,
        "type": "Secret Keyword"
      }
    ],
    "scripts/functions.sh": [
      {
        "hashed_secret": "1931e5c5e78ae2290598cd0a742cea9de6e44334",
        "is_verified": false,
        "line_number": 109,
        "type": "Secret Keyword"
      },
      {
        "hashed_secret": "7f92bfacd8597df5f51f10140d530f48086266a5",
        "is_verified": false,
        "line_number": 135,
        "type": "Secret Keyword"
      }
    ],
    "scripts/test-api.sh": [
      {
        "hashed_secret": "d5f65a53c240dc7e6f226937320dd4ede1f2452d",
        "is_verified": false,
        "line_number": 15,
        "type": "Secret Keyword"
      }
    ],
    "shared/src/test/java/uk/gov/di/authentication/shared/helpers/Argon2HelperTest.java": [
      {
        "hashed_secret": "c81170f76e2b786b28dd82088a2fa793ddddc9b4",
        "is_verified": false,
        "line_number": 20,
        "type": "Secret Keyword"
      },
      {
        "hashed_secret": "789cbe0407840b1c2041cb33452ff60f19bf58cc",
        "is_verified": false,
        "line_number": 21,
        "type": "Secret Keyword"
      }
    ],
    "shared/src/test/java/uk/gov/di/authentication/shared/services/TokenValidationServiceTest.java": [
      {
        "hashed_secret": "1ede7b49b9ae9454bea40de29c0bc628b67a869c",
        "is_verified": false,
        "line_number": 121,
        "type": "Base64 High Entropy String"
      }
    ],
    "shared/src/test/java/uk/gov/di/authentication/shared/services/ValidationServiceTest.java": [
      {
        "hashed_secret": "1df376268cedb8ef89a191b8e047cade0b787130",
        "is_verified": false,
        "line_number": 71,
        "type": "Secret Keyword"
      }
    ]
  },
  "version": "0.13.1",
  "word_list": {
    "file": null,
    "hash": null
  }
}
